/Users/likithdonta/git/shopping-cart/src/com/shashi/srv/RegisterSrv.java
/Users/likithdonta/git/shopping-cart/src/com/shashi/service/impl/TransServiceImpl.java
/Users/likithdonta/git/shopping-cart/src/com/shashi/service/impl/UserServiceImpl.java
/Users/likithdonta/git/shopping-cart/src/com/shashi/srv/RemoveProductSrv.java
/Users/likithdonta/git/shopping-cart/src/com/shashi/srv/ShipmentServlet.java
/Users/likithdonta/git/shopping-cart/src/com/shashi/beans/ProductBean.java
/Users/likithdonta/git/shopping-cart/src/com/shashi/service/CartService.java
/Users/likithdonta/git/shopping-cart/src/com/shashi/srv/FansMessage.java
/Users/likithdonta/git/shopping-cart/src/com/shashi/service/OrderService.java
/Users/likithdonta/git/shopping-cart/src/com/shashi/srv/AddProductSrv.java
/Users/likithdonta/git/shopping-cart/src/com/shashi/beans/CartBean.java
/Users/likithdonta/git/shopping-cart/src/com/shashi/service/impl/CartServiceImpl.java
/Users/likithdonta/git/shopping-cart/src/com/shashi/beans/OrderBean.java
/Users/likithdonta/git/shopping-cart/src/com/shashi/srv/LoginSrv.java
/Users/likithdonta/git/shopping-cart/src/com/shashi/srv/UpdateToCart.java
/Users/likithdonta/git/shopping-cart/src/com/shashi/utility/DBUtil.java
/Users/likithdonta/git/shopping-cart/src/com/shashi/service/DemandService.java
/Users/likithdonta/git/shopping-cart/src/com/shashi/utility/TestMail.java
/Users/likithdonta/git/shopping-cart/src/com/shashi/srv/AddtoCart.java
/Users/likithdonta/git/shopping-cart/src/com/shashi/srv/LogoutSrv.java
/Users/likithdonta/git/shopping-cart/src/com/shashi/beans/UserBean.java
/Users/likithdonta/git/shopping-cart/src/com/shashi/srv/UpdateProductSrv.java
/Users/likithdonta/git/shopping-cart/src/com/shashi/service/impl/ProductServiceImpl.java
/Users/likithdonta/git/shopping-cart/src/com/shashi/utility/IDUtil.java
/Users/likithdonta/git/shopping-cart/src/com/shashi/service/ProductService.java
/Users/likithdonta/git/shopping-cart/src/com/shashi/beans/DemandBean.java
/Users/likithdonta/git/shopping-cart/src/com/shashi/beans/OrderDetails.java
/Users/likithdonta/git/shopping-cart/src/com/shashi/utility/JavaMailUtil.java
/Users/likithdonta/git/shopping-cart/src/com/shashi/utility/MailMessage.java
/Users/likithdonta/git/shopping-cart/src/com/shashi/service/TransService.java
/Users/likithdonta/git/shopping-cart/src/com/shashi/srv/ShowImage.java
/Users/likithdonta/git/shopping-cart/src/com/shashi/srv/OrderServlet.java
/Users/likithdonta/git/shopping-cart/src/com/shashi/beans/TransactionBean.java
/Users/likithdonta/git/shopping-cart/src/com/shashi/service/UserService.java
/Users/likithdonta/git/shopping-cart/src/com/shashi/constants/IUserConstants.java
/Users/likithdonta/git/shopping-cart/src/com/shashi/service/impl/OrderServiceImpl.java
/Users/likithdonta/git/shopping-cart/src/com/shashi/service/impl/DemandServiceImpl.java
